// Jest Snapshot v1, https://goo.gl/fbAQLP

exports[`Mission component should match the snapshot 1`] = `
<div
  className="rd-rows"
/>
`;
